I'm sorry, but errors were detected in your script. Please correct the
errors listed below, and try again.


File "game/script.rpy", line 183: expected statement.
    add bus_window_field
                        ^

File "game/script.rpy", line 184: expected statement.
    add bus_window
                  ^

Ren'Py Version: Ren'Py 6.18.3.761
